▲ Next.js 16.2.10 (Turbopack)

  Creating an optimized production build ...
✓ Compiled successfully in 3.1s
  Running TypeScript ...
  Finished TypeScript in 2.1s ...
  Collecting page data using 13 workers ...
  Generating static pages using 13 workers (0/21) ...
  Generating static pages using 13 workers (5/21) 
  Generating static pages using 13 workers (10/21) 
  Generating static pages using 13 workers (15/21) 
✓ Generating static pages using 13 workers (21/21) in 485ms
  Finalizing page optimization ...

Route (app)
┌ ○ /
├ ○ /_not-found
├ ○ /about
├ ○ /blog
├ ○ /blog/auction-state-machine
├ ○ /blog/electron-architecture
├ ○ /blog/formula-engine
├ ○ /blog/test-system
├ ○ /contact
├ ○ /experience
├ ○ /playground
├ ○ /projects
├ ● /projects/[slug]
│ ├ /projects/lots
│ ├ /projects/console-bid
│ ├ /projects/projection
│ └ [+3 more paths]
└ ○ /resume


○  (Static)  prerendered as static content
●  (SSG)     prerendered as static HTML (uses generateStaticParams)

